---
source: crates/af-cli/tests/cli_snapshots.rs
assertion_line: 106
expression: topology
---
{
  "check": {
    "artifacts": [],
    "core_dir": "<string>",
    "dependency_issues": [],
    "dependency_resolutions": [],
    "inspection": {
      "checks": {
        "clock_reset_policy": "<string>",
        "port_widths_match": "<string>",
        "portable_port_style": "<string>",
        "portable_verilog_policy": "<string>",
        "ports_manifest_match": "<string>",
        "top_module_presence": "<string>"
      },
      "issues": [],
      "scanned_files": [
        "<string>"
      ]
    },
    "legal_issues": [],
    "limitations": [
      "<string>"
    ],
    "manifest": {
      "af_version": "<string>",
      "architecture": "<null>",
      "backend_compatibility": {
        "fusesoc": "<bool>",
        "verilator": "<bool>"
      },
      "backend_variants": [],
      "boards": [
        "<string>"
      ],
      "category": "<string>",
      "clocks": [
        {
          "description": "<null>",
          "frequency_hz": "<null>",
          "name": "<string>",
          "port": "<null>"
        }
      ],
      "complexity": "<null>",
      "constructor": "<null>",
      "contracts": {
        "fifo": "<null>",
        "protocols": [],
        "reset_modes": []
      },
      "core": "<string>",
      "csr": "<null>",
      "dependencies": {
        "cores": []
      },
      "evidence": "<null>",
      "formal": {
        "backend": "<null>",
        "enabled": "<bool>",
        "files": [],
        "name": "<null>",
        "properties": []
      },
      "interfaces": [
        {
          "clock": "<string>",
          "kind": "<string>",
          "name": "<string>",
          "reset": "<string>"
        }
      ],
      "interrupts": "<null>",
      "kind": "<null>",
      "known_limitations": [
        "<string>"
      ],
      "library": "<string>",
      "maturity": "<string>",
      "metadata": {
        "authors": [
          "<string>"
        ],
        "description": "<string>",
        "display_name": "<null>",
        "homepage": "<null>",
        "license": "<string>",
        "maintainers": [],
        "repository": "<string>",
        "summary": "<null>"
      },
      "name": "<string>",
      "parameters": [
        {
          "allowed": [],
          "description": "<string>",
          "kind": "<null>",
          "min": "<null>",
          "name": "<string>",
          "value": "<string>"
        }
      ],
      "portability_level": "<string>",
      "ports": [
        {
          "active": "<null>",
          "clock": "<string>",
          "clock_domain": "<null>",
          "description": "<null>",
          "direction": "<string>",
          "interface": "<null>",
          "kind": "<null>",
          "name": "<string>",
          "reset": "<null>",
          "reset_style": "<null>",
          "width": "<number>"
        }
      ],
      "priority": "<string>",
      "resets": [
        {
          "active": "<string>",
          "asynchronous": "<bool>",
          "clock_domain": "<null>",
          "name": "<string>",
          "port": "<null>",
          "style": "<null>"
        }
      ],
      "resources": {
        "dsp": [],
        "memory": []
      },
      "reuse": "<null>",
      "rtl": {
        "clocking": "<null>",
        "default_clock": "<string>",
        "default_reset": "<string>",
        "language": "<string>",
        "reset": "<null>",
        "systemverilog_subset": "<null>",
        "top": "<string>",
        "variants": {
          "systemverilog": [
            "<string>"
          ],
          "verilog_2001": [
            "<string>"
          ],
          "verilog_2005": [
            "<string>"
          ]
        }
      },
      "sources": {
        "file_types": {},
        "files": [
          "<string>"
        ],
        "include_dirs": [
          "<string>"
        ],
        "roles": {}
      },
      "standards": "<null>",
      "stream_interfaces": [],
      "testbenches": [
        {
          "backend": "<string>",
          "expected": "<null>",
          "name": "<string>",
          "rtl_sources": [],
          "sources": [
            "<string>"
          ],
          "top": "<string>"
        }
      ],
      "tooling": {
        "cocotb": "<bool>",
        "fusesoc_required": "<bool>",
        "python": "<bool>",
        "rust": "<bool>",
        "typescript_deno": "<bool>"
      },
      "vectors": [
        {
          "format": "<string>",
          "name": "<string>",
          "path": "<string>"
        }
      ],
      "vendor": "<string>",
      "verification_required": [
        {
          "description": "<string>",
          "evidence": "<null>",
          "kind": "<string>"
        }
      ],
      "version": "<string>"
    },
    "manifest_path": "<string>",
    "status": "<string>",
    "warnings": []
  },
  "command_payload": {
    "inspection_issue_count": "<number>",
    "kind": "<string>",
    "legal_issue_count": "<number>",
    "manifest_status": "<string>",
    "source_count": "<number>"
  },
  "reports": {
    "json": "<string>",
    "markdown": "<string>"
  },
  "status": "<string>"
}
